[backblue.gif]
[fade.gif]
[index.html]
[www.royal-jp.com/english/header.js]
[www.royal-jp.com/english/slide/melon2017.jpg]
[www.royal-jp.com/english/slide/muscat2017.jpg]
[www.royal-jp.com/english/slide/peach2017.jpg]
[www.royal-jp.com/english/slide/royal-e-2017.jpg]
[www.royal-jp.com/images/building.jpg]
[www.royal-jp.com/english/footer.js]
[www.royal-jp.com/js/jquery-1.11.3.min.js]
[www.royal-jp.com/js/bootstrap.min.js]
[www.royal-jp.com/js/superfish.js]
[www.royal-jp.com/jq/slick/slick.min.js]
[www.royal-jp.com/js/jquery.matchheight.js]
[www.royal-jp.com/js/main.js]
[www.royal-jp.com/english/index.html]
[www.royal-jp.com/css/bootstrap.css]
[www.royal-jp.com/css/font-awesome.min.css]
[www.royal-jp.com/css/gutter.css]
[www.royal-jp.com/css/animate.css]
[www.royal-jp.com/css/superfish.css]
[www.royal-jp.com/jq/slick/slick.css]
[www.royal-jp.com/jq/slick/ajax-loader.gif]
[www.royal-jp.com/jq/slick/fonts/slick.eot]
[www.royal-jp.com/jq/slick/fonts/slick.woff]
[www.royal-jp.com/jq/slick/fonts/slick.ttf]
[www.royal-jp.com/jq/slick/fonts/slickd41d.eot]
[www.royal-jp.com/jq/slick/slick-theme.css]
[www.royal-jp.com/images/bg03.jpg]
[www.royal-jp.com/images/bg04.jpg]
[www.royal-jp.com/css/style.css]
[www.royal-jp.com/js/hoverIntent.html]
[www.royal-jp.com/jq/slick/fonts/slick.svg]
[www.royal-jp.com/img/mark_1.html]
[www.royal-jp.com/img/mark_2.html]
[www.royal-jp.com/img/mark_3.html]
[www.royal-jp.com/css/images/arrow.html]
[www.royal-jp.com/main/images/arrow_5.html]
[www.royal-jp.com/main/images/arrow_12.html]
